[tongdai-fpt.com/index.html]
[backblue.gif]
[fade.gif]
[index.html]
[tongdai-fpt.com/image/cache/catalog/slider/banner-fpt-bgg-1200x630.jpg]
[tongdai-fpt.com/catalog/view/theme/fptconnect/javascript/jquery.minc619.js]
[tongdai-fpt.com/image/catalog/logo/cropped-logo-fpt.png]
[tongdai-fpt.com/image/catalog/logo/logo-dark.png]
[tongdai-fpt.com/chung-toi-la.html]
[tongdai-fpt.com/khuyen-mai.html]
[tongdai-fpt.com/cap-quang-fpt.html]
[tongdai-fpt.com/dich-vu-truyen-hinh-fpt.html]
[tongdai-fpt.com/fpt-play-box.html]
[tongdai-fpt.com/ho-tro.html]
[tongdai-fpt.com/lien-he.html]
[tongdai-fpt.com/image/cache/catalog/slider/banner-fpt-bgg-1920x580.jpg]
[tongdai-fpt.com/image/cache/catalog/slider/banner12-1920x580.png]
[fptbacgiang.net/image/catalog/fpthot.gif]
[tongdai-fpt.com/image/catalog/anh/lap-mang-fpt-tai-ha-noi.png]
[tongdai-fpt.com/image/catalog/anh/bao-gia-combo-2019.png]
[tongdai-fpt.com/image/catalog/anh/bao-gia-doanh-nghiep-fpt.jpg]
[tongdai-fpt.com/image/cache/catalog/anh/remote-box-lg-555x532-555x532.png]
[tongdai-fpt.com/image/cache/catalog/slider/bg-support-1347x874.png]
[tongdai-fpt.com/image/cache/catalog/logo/cropped-logo-fpt-350x350.png]
[tongdai-fpt.com/su-dung-truyen-hinh-fpt-ha-noi-co-can-ket-noi-internet-khong.html]
[tongdai-fpt.com/image/cache/catalog/tin-tuc/danh-gia-truyen-hinh-fpt-gia-dinh-380x310.jpg]
[tongdai-fpt.com/tong-dai-fpt-bac-giang-lap-mang-internet-qua-tong-dai-fpt.html]
[tongdai-fpt.com/image/cache/catalog/FPT Bac Giang/4de33e82b7-380x310.jpg]
[tongdai-fpt.com/bao-hong-mang-fpt-ha-noi.html]
[tongdai-fpt.com/image/cache/catalog/slider/bg-support-380x310.png]
[tongdai-fpt.com/google.1d.delayed]
[tongdai-fpt.com/image/cache/catalog/slider/banner-1919x180.jpg]
[tongdai-fpt.com/goi-cuoc-fpt.html]
[tongdai-fpt.com/tin-tuc-su-kien.html]
[tongdai-fpt.com/catalog/view/theme/fptconnect/javascript/zozo-main.minc619.js]
[connect.facebook.net/vi_VN/sdk.js]
[tongdai-fpt.com/index.html]
[tongdai-fpt.com/catalog/view/theme/fptconnect/stylesheet/fonts/fontawesome-webfont5b62.eot]
[tongdai-fpt.com/catalog/view/theme/fptconnect/stylesheet/fonts/fontawesome-webfontd41d.eot]
[tongdai-fpt.com/catalog/view/theme/fptconnect/stylesheet/fonts/fontawesome-webfont5b62.woff2]
[tongdai-fpt.com/catalog/view/theme/fptconnect/stylesheet/fonts/fontawesome-webfont5b62.woff]
[tongdai-fpt.com/catalog/view/theme/fptconnect/stylesheet/fonts/fontawesome-webfont5b62.ttf]
[tongdai-fpt.com/catalog/view/theme/fptconnect/stylesheet/fonts/glyphicons-halflings-regular.eot]
[tongdai-fpt.com/catalog/view/theme/fptconnect/stylesheet/fonts/glyphicons-halflings-regular.woff2]
[tongdai-fpt.com/catalog/view/theme/fptconnect/stylesheet/fonts/glyphicons-halflings-regulard41d.eot]
[tongdai-fpt.com/catalog/view/theme/fptconnect/stylesheet/fonts/glyphicons-halflings-regular.woff]
[tongdai-fpt.com/catalog/view/theme/fptconnect/stylesheet/fonts/glyphicons-halflings-regular.ttf]
[tongdai-fpt.com/catalog/view/theme/fptconnect/stylesheet/owl.video.play.png]
[tongdai-fpt.com/catalog/view/theme/fptconnect/image/loading.gif]
[tongdai-fpt.com/catalog/view/theme/fptconnect/image/icon-close.png]
[tongdai-fpt.com/catalog/view/theme/fptconnect/image/sprite.png]
[tongdai-fpt.com/catalog/view/theme/fptconnect/stylesheet/fonts/font-cali/CaliFont-ExtraLight.woff]
[tongdai-fpt.com/catalog/view/theme/fptconnect/stylesheet/fonts/font-cali/CaliFont-ExtraLight.ttf]
[tongdai-fpt.com/catalog/view/theme/fptconnect/stylesheet/fonts/font-cali/CaliFont-ExtraLightd41d.woff]
[tongdai-fpt.com/catalog/view/theme/fptconnect/stylesheet/fonts/font-cali/CaliFont-Book.woff]
[tongdai-fpt.com/catalog/view/theme/fptconnect/stylesheet/fonts/font-cali/CaliFont-Book.ttf]
[tongdai-fpt.com/catalog/view/theme/fptconnect/stylesheet/fonts/font-cali/CaliFont-Bookd41d.woff]
[tongdai-fpt.com/catalog/view/theme/fptconnect/stylesheet/fonts/font-cali/CaliFont-Medium.woff]
[tongdai-fpt.com/catalog/view/theme/fptconnect/stylesheet/fonts/font-cali/CaliFont-Medium.ttf]
[tongdai-fpt.com/catalog/view/theme/fptconnect/stylesheet/fonts/font-cali/CaliFont-Mediumd41d.woff]
[tongdai-fpt.com/catalog/view/theme/fptconnect/stylesheet/fonts/font-cali/CaliFont-Demi.woff]
[tongdai-fpt.com/catalog/view/theme/fptconnect/stylesheet/fonts/font-cali/CaliFont-Demi.ttf]
[tongdai-fpt.com/catalog/view/theme/fptconnect/stylesheet/fonts/font-cali/CaliFont-Demid41d.woff]
[tongdai-fpt.com/catalog/view/theme/fptconnect/stylesheet/fonts/font-cali/CaliFontBold-Bold.woff]
[tongdai-fpt.com/catalog/view/theme/fptconnect/stylesheet/fonts/font-cali/CaliFontBold-Bold.ttf]
[tongdai-fpt.com/catalog/view/theme/fptconnect/stylesheet/fonts/font-cali/CaliFontBold-Boldd41d.woff]
[tongdai-fpt.com/catalog/view/theme/fptconnect/image/bg-5-star-fptconnect-separator.png]
[tongdai-fpt.com/catalog/view/theme/fptconnect/image/bg-fptconnect-trainer-backdrop.png]
[tongdai-fpt.com/catalog/view/theme/fptconnect/stylesheet/stylesheet.minc619.css]
[tongdai-fpt.com/catalog/view/theme/fptconnect/stylesheet_custom/stylesheetc619.css]
[tongdai-fpt.com/_/img/list_icon_orange.png_]
[tongdai-fpt.com/image/cache/catalog/logo/fpt-telecom-470x447.png]
[tongdai-fpt.com/chung-toi-la.html]
[tongdai-fpt.com/khuyen-mai-lap-mang-fpt-ha-noithang-4-nam-2018.html]
[tongdai-fpt.com/image/cache/catalog/tin-tuc/fpt-bacgiang-khuyen-mai-thang-4-850x500.jpg]
[tongdai-fpt.com/khuyen-mai-lap-mang-fpt-bac-giang-thang-3-nam-2018.html]
[tongdai-fpt.com/image/cache/catalog/tin-tuc/khuyenmait3-850x500.jpg]
[tongdai-fpt.com/uu-dai-danh-rieng-cho-khach-hang-fpt-telecom-khi-mua-sam-tai-fpt-shop.html]
[tongdai-fpt.com/image/cache/catalog/tin-tuc/hifpt12-7823-1516613275-850x500.jpg]
[tongdai-fpt.com/fpt-bac-giang-khuyen-mai-van-qua-tet-ket-loc-xuan.html]
[tongdai-fpt.com/image/cache/catalog/tin-tuc/vanlocxuan-850x500.png]
[tongdai-fpt.com/khuyen-mai-internet-fpt-bac-giang-thang-2-nam-2018.html]
[tongdai-fpt.com/image/cache/catalog/FPT Bac Giang/popup-tet-01-01-850x500.jpg]
[tongdai-fpt.com/fpt-bac-giang.html]
[tongdai-fpt.com/internet-fpt-tp-ho-chi-minh.html]
[tongdai-fpt.com/internet-fpt-da-nang.html]
[tongdai-fpt.com/internet-fpt-ha-noi.html]
[tongdai-fpt.com/internet-fpt-bac-giang.html]
[tongdai-fpt.com/internet-fpt-hai-phong.html]
[tongdai-fpt.com/truyen-hinh-fpt.html]
[tongdai-fpt.com/fpt-bac-giang-dich-vu-internet-danh-cho-moi-gia-dinh.html]
[tongdai-fpt.com/image/cache/catalog/quang_truong_ba_dinh_1-200x200.png]
[tongdai-fpt.com/image/cache/catalog/FPT Bac Giang/4de33e82b7-200x200.jpg]
[tongdai-fpt.com/dang-ky-lap-mang-internet-fpt-ha-noi.html]
[tongdai-fpt.com/image/cache/catalog/tin-tuc/vanlocxuan-200x200.png]
[tongdai-fpt.com/image/cache/catalog/FPT Bac Giang/popup-tet-01-01-200x200.jpg]
[tongdai-fpt.com/khuyen-mai.html]
[tongdai-fpt.com/lap-mang-fpt-thuong-tin.html]
[tongdai-fpt.com/image/cache/catalog/FPT Bac Giang/4de33e82b7-850x500.jpg]
[tongdai-fpt.com/image/cache/catalog/quang_truong_ba_dinh_1-850x500.png]
[tongdai-fpt.com/lap-mang-fpt.html]
[tongdai-fpt.com/image/cache/catalog/nhung-hinh-anh-gan-lien-voi-thu-do-ha-noi-850x500.jpg]
[tongdai-fpt.com/lap-mang-fpt-thanh-tri.html]
[tongdai-fpt.com/cap-quang-fpt.html]
[www.lapmang.vn/image/catalog/san-pham/khuyen-mai-cuoc-truyen-hinh.jpg]
[tongdai-fpt.com/dich-vu-truyen-hinh-fpt.html]
[tongdai-fpt.com/fpt-play-box.html]
[tongdai-fpt.com/image/cache/catalog/tin-tuc/danh-gia-truyen-hinh-fpt-gia-dinh-850x500.jpg]
[tongdai-fpt.com/chinh-sach-fpt.html]
[tongdai-fpt.com/thanh-toan-cuoc-internet-fpt.html]
[tongdai-fpt.com/image/cache/catalog/FPT Bac Giang/huong-dan-thanh-toan-fpt-850x500.jpg]
[tongdai-fpt.com/image/cache/catalog/slider/bg-support-850x500.png]
[tongdai-fpt.com/ho-tro.html]
[tongdai-fpt.com/lien-he.html]
[developers.google.com/maps/documentation/javascript/examples/markerclusterer/markerclusterer.js]
[tongdai-fpt.com/image/cache/catalog/tin-tuc/danh-gia-truyen-hinh-fpt-gia-dinh-1200x630.jpg]
[tongdai-fpt.com/catalog/view/javascript/jquery/magnific/jquery.magnific-popup.min.js]
[tongdai-fpt.com/catalog/view/javascript/jquery/datetimepicker/moment/moment.min.js]
[tongdai-fpt.com/catalog/view/javascript/jquery/datetimepicker/moment/moment-with-locales.min.js]
[tongdai-fpt.com/catalog/view/javascript/jquery/datetimepicker/bootstrap-datetimepicker.min.js]
[tongdai-fpt.com/image/catalog/tin-tuc/danh-gia-truyen-hinh-fpt-gia-dinh.jpg]
[tongdai-fpt.com/image/catalog/tin-tuc/truyen-hinh-so-fpt-1.jpg]
[tongdai-fpt.com/indexcba8.json]
[tongdai-fpt.com/su-dung-truyen-hinh-fpt-ha-noi-co-can-ket-noi-internet-khong.html]
[tongdai-fpt.com/image/cache/catalog/FPT Bac Giang/4de33e82b7-1200x630.jpg]
[tongdai-fpt.com/image/catalog/FPT Bac Giang/4de33e82b7.jpg]
[tongdai-fpt.com/tong-dai-fpt-bac-giang-lap-mang-internet-qua-tong-dai-fpt.html]
[tongdai-fpt.com/image/cache/catalog/slider/bg-support-1200x630.png]
[tongdai-fpt.com/bao-hong-mang-fpt-ha-noi.html]
[tongdai-fpt.com/google.html]
[tongdai-fpt.com/goi-cuoc-fpt.html]
[tongdai-fpt.com/tin-tuc-su-kien.html]
[tongdai-fpt.com/catalog/view/theme/default/stylesheet/callnow.min.css]
[tongdai-fpt.com/catalog/view/theme/default/stylesheet/animate.css]
[connect.facebook.net/vi_VN/sdk.js]
[tongdai-fpt.com/catalog/view/theme/fptconnect/stylesheet/fonts/fontawesome-webfont5b62.svg]
[tongdai-fpt.com/catalog/view/theme/fptconnect/stylesheet/fonts/glyphicons-halflings-regular.svg]
[tongdai-fpt.com/catalog/view/theme/fptconnect/stylesheet/owl.video.play.html]
[tongdai-fpt.com/catalog/view/theme/fptconnect/stylesheet/fonts/font-cali/CaliFont-ExtraLight.svg]
[tongdai-fpt.com/catalog/view/theme/fptconnect/stylesheet/fonts/font-cali/CaliFont-Book.svg]
[tongdai-fpt.com/catalog/view/theme/fptconnect/stylesheet/fonts/font-cali/CaliFont-Medium.svg]
[tongdai-fpt.com/catalog/view/theme/fptconnect/stylesheet/fonts/font-cali/CaliFont-Demi.svg]
[tongdai-fpt.com/catalog/view/theme/fptconnect/stylesheet/fonts/font-cali/CaliFontBold-Bold.svg]
[tongdai-fpt.com/catalog/view/theme/fptconnect/image/bg-5-star-fptconnect-separator.html]
[tongdai-fpt.com/catalog/view/theme/fptconnect/image/bg-fptconnect-trainer-backdrop.html]
[tongdai-fpt.com/_/img/list_icon_orange.html]
[tongdai-fpt.com/image/cache/catalog/tin-tuc/fpt-bacgiang-khuyen-mai-thang-4-1200x630.jpg]
[tongdai-fpt.com/image/catalog/anh/combothang12.79.delayed]
[tongdai-fpt.com/image/catalog/FPT Bac Giang/cap-quang-dn.png]
[tongdai-fpt.com/dang-ky-lap-mang-internet-fpt-bac-giang.7b.delayed]
[tongdai-fpt.com/khuyen-mai-lap-mang-fpt-ha-noithang-4-nam-2018.html]
[tongdai-fpt.com/image/cache/catalog/tin-tuc/khuyenmait3-1200x630.jpg]
[tongdai-fpt.com/khuyen-mai-lap-mang-fpt-bac-giang-thang-3-nam-2018.html]
[tongdai-fpt.com/image/cache/catalog/tin-tuc/hifpt12-7823-1516613275-1200x630.jpg]
[tongdai-fpt.com/image/catalog/tin-tuc/hifpt12-7823-1516613275.jpg]
[tongdai-fpt.com/uu-dai-danh-rieng-cho-khach-hang-fpt-telecom-khi-mua-sam-tai-fpt-shop.html]
[tongdai-fpt.com/image/cache/catalog/tin-tuc/vanlocxuan-1200x630.png]
[tongdai-fpt.com/image/catalog/tin-tuc/vanlocxuan.png]
[tongdai-fpt.com/fpt-bac-giang-khuyen-mai-van-qua-tet-ket-loc-xuan.html]
[tongdai-fpt.com/image/cache/catalog/FPT Bac Giang/popup-tet-01-01-1200x630.jpg]
[tongdai-fpt.com/image/catalog/FPT Bac Giang/popup-tet-01-01.jpg]
[tongdai-fpt.com/image/catalog/FPT Bac Giang/bang-gia-cuoc-fpt.png]
[tongdai-fpt.com/khuyen-mai-internet-fpt-bac-giang-thang-2-nam-2018.html]
[tongdai-fpt.com/fpt-bac-giang.html]
[tongdai-fpt.com/internet-fpt-tp-ho-chi-minh.html]
[tongdai-fpt.com/internet-fpt-da-nang.html]
[tongdai-fpt.com/internet-fpt-ha-noi.html]
[tongdai-fpt.com/internet-fpt-bac-giang.html]
[tongdai-fpt.com/internet-fpt-hai-phong.html]
[tongdai-fpt.com/truyen-hinh-fpt.html]
[tongdai-fpt.com/image/cache/catalog/quang_truong_ba_dinh_1-1200x630.png]
[tongdai-fpt.com/fpt-bac-giang-dich-vu-internet-danh-cho-moi-gia-dinh.html]
[tongdai-fpt.com/dang-ky-lap-mang-internet-fpt-ha-noi.html]
[tongdai-fpt.com/image/catalog/quang_truong_ba_dinh_1.png]
[tongdai-fpt.com/lap-mang-fpt-thuong-tin.html]
[tongdai-fpt.com/image/cache/catalog/nhung-hinh-anh-gan-lien-voi-thu-do-ha-noi-1200x630.jpg]
[tongdai-fpt.com/lap-mang-fpt.html]
[tongdai-fpt.com/lap-mang-fpt-thanh-tri.html]
[tongdai-fpt.com/chinh-sach-fpt.html]
[tongdai-fpt.com/image/cache/catalog/FPT Bac Giang/huong-dan-thanh-toan-fpt-1200x630.jpg]
[tongdai-fpt.com/image/catalog/anh_thumbnail.jpg]
[tongdai-fpt.com/thanh-toan-cuoc-internet-fpt.html]
[tongdai-fpt.com/catalog/view/javascript/jquery/magnific/magnific-popup.css]
[tongdai-fpt.com/catalog/view/javascript/jquery/datetimepicker/bootstrap-datetimepicker.min.css]
[tongdai-fpt.com/image/catalog/anh/combothang12.html]
[tongdai-fpt.com/dang-ky-lap-mang-internet-fpt-bac-giang.html]
